
--- stderr ---
Processing /Users/christopheryamba/YambaCode/YambaMusic/simple-yamba-music-pipeline/work/merkurius-m34-45/merkurius-m34-45.jpg
Starting Inference.
Segnet Inference time: 2.418553083000006; batch_size 8
Creating bounds for noteheads
Creating bounds for staff_fragments
Creating bounds for clefs_keys
Creating bounds for stems_rest
Creating bounds for bar_lines
Found 1230 staff line fragments
Found 235 noteheads
Average note head height: 13.0
Found 24 bar lines
Found 42 clefs
Found 0 possible other clefs
Found 131 staff anchors
Found 9 staffs
Removed 1 duplicate staffs
[32m[INFO] 2026-10-05 18:05:20,789 [RapidOCR] base.py:23: Using engine_name: onnxruntime[0m
Found 231 notes during segmentation
Found 4 connected staffs (after merging grand staffs, multiple voices):  [1, 1, 1, 1]
Dewarping staff 0
Dewarping staff 0 done
Running TrOmr inference on staff image 0
[32m[INFO] 2026-10-05 18:05:21,304 [RapidOCR] download_file.py:60: File exists and is valid: /Users/christopheryamba/YambaCode/YambaMusic/simple-yamba-music-pipeline/.venv/lib/python3.12/site-packages/rapidocr/models/PP-OCRv6_det_small.onnx[0m
[32m[INFO] 2026-10-05 18:05:21,305 [RapidOCR] main.py:63: Using /Users/christopheryamba/YambaCode/YambaMusic/simple-yamba-music-pipeline/.venv/lib/python3.12/site-packages/rapidocr/models/PP-OCRv6_det_small.onnx[0m
[32m[INFO] 2026-10-05 18:05:21,333 [RapidOCR] base.py:23: Using engine_name: onnxruntime[0m
[32m[INFO] 2026-10-05 18:05:21,337 [RapidOCR] download_file.py:60: File exists and is valid: /Users/christopheryamba/YambaCode/YambaMusic/simple-yamba-music-pipeline/.venv/lib/python3.12/site-packages/rapidocr/models/ch_ppocr_mobile_v2.0_cls_mobile.onnx[0m
[32m[INFO] 2026-10-05 18:05:21,337 [RapidOCR] main.py:63: Using /Users/christopheryamba/YambaCode/YambaMusic/simple-yamba-music-pipeline/.venv/lib/python3.12/site-packages/rapidocr/models/ch_ppocr_mobile_v2.0_cls_mobile.onnx[0m
[32m[INFO] 2026-10-05 18:05:21,373 [RapidOCR] base.py:23: Using engine_name: onnxruntime[0m
[32m[INFO] 2026-10-05 18:05:21,388 [RapidOCR] download_file.py:60: File exists and is valid: /Users/christopheryamba/YambaCode/YambaMusic/simple-yamba-music-pipeline/.venv/lib/python3.12/site-packages/rapidocr/models/PP-OCRv6_rec_small.onnx[0m
[32m[INFO] 2026-10-05 18:05:21,389 [RapidOCR] main.py:63: Using /Users/christopheryamba/YambaCode/YambaMusic/simple-yamba-music-pipeline/.venv/lib/python3.12/site-packages/rapidocr/models/PP-OCRv6_rec_small.onnx[0m
Inference Time Tromr: 1.4496936250070576
Dewarping staff 1
Dewarping staff 1 done
Running TrOmr inference on staff image 1
Inference Time Tromr: 0.752272791985888
Dewarping staff 2
Dewarping staff 2 done
Running TrOmr inference on staff image 2
Inference Time Tromr: 0.9190324169758242
Dewarping staff 3
Dewarping staff 3 done
Running TrOmr inference on staff image 3
Inference Time Tromr: 1.0314733340055682
Removing tuplets from measure # 7
Removing tuplets from measure # 8
Removing tuplets from measure # 10
Removing tuplets from measure # 11
Removing tuplets from measure # 13
Found title: 
Writing XML [[clef_G2 _ _ _ _ upper, chord . . . . ., clef_G2 _ _ _ _ lower, keySignature_0 . . . . ., timeSignature/4 . . . . ., rest_2 _ _ _ _ upper, chord . . . . ., note_16 B5 _ _ _ lower, note_16 G5 # _ _ lower, note_16 A5 # _ _ lower, note_16 E5 _ _ _ lower, note_16 E5 _ _ _ lower, note_16 B5 _ _ _ lower, note_16 G5 # _ _ lower, rest_4 _ _ _ _ upper, chord . . . . ., note_16 F5 # _ _ lower, note_16 A5 # _ _ lower, note_16 E5 _ _ _ lower, note_16 B5 _ _ _ lower, rest_4 _ _ _ _ upper, chord . . . . ., note_16 B5 _ _ _ lower, note_16 G5 # _ _ lower, note_16 F5 # _ _ lower, note_16 A5 # _ _ lower, rest_8 _ _ _ _ upper, chord . . . . ., note_16 E5 _ _ _ lower, note_16 B5 _ _ _ lower, note_8 F6 # _ _ upper, chord . . . . ., note_8 B5 _ _ _ upper, chord . . . . ., note_8 E5 _ _ _ upper, chord . . . . ., note_16 D6 _ _ _ lower, note_16 G5 # _ _ lower, barline . . . . ., note_8 G6 _ _ _ upper, chord . . . . ., note_8 B5 b _ _ lower, note_8 A6 _ _ _ upper, chord . . . . ., note_8 C5 _ _ _ lower, note_8 B6 _ _ _ upper, chord . . . . ., note_8 D6 _ _ _ lower, note_8 C6 # _ _ upper, chord . . . . ., note_8 E5 _ _ _ lower, note_8 D6 # _ _ upper, chord . . . . ., note_8 F4 # _ _ lower, note_8 F6 _ _ _ upper, chord . . . . ., note_8 A5 _ _ _ lower, note_8 G6 _ _ _ upper, chord . . . . ., note_8 B4 _ _ _ lower, note_8 A6 _ _ _ upper, chord . . . . ., note_8 C4 _ _ _ lower, barline . . . . ., rest_2 _ _ _ _ upper, chord . . . . ., note_16 D6 # _ _ lower, note_16 B5 _ _ _ ., chord . . . . ., note_8 B4 _ _ _ lower, note_16 F5 # _ _ upper, note_16 D6 # _ _ lower, note_16 G5 # _ _ lower, chord . . . . ., note_8 C5 b _ _ lower, note_16 B5 _ _ _ upper, note_16 F5 # _ _ upper, note_8 F5 # _ _ upper, chord . . . . ., note_8 A4 _ _ _ lower, rest_4 _ _ _ _ upper, chord . . . . ., note_8 F5 _ _ _ lower, chord . . . . ., note_8 F4 _ _ _ lower, note_8 G5 _ _ _ lower, chord . . . . ., note_8 F4 _ _ _ lower, rest_4 _ _ _ _ upper, chord . . . . ., note_16 E4 _ _ _ lower, chord . . . . ., note_8 F4 _ _ _ lower, note_16 E4 _ _ _ lower, note_16 B3 _ _ _ lower, rest_8 _ _ _ _ upper, chord . . . . ., note_8 D4 _ _ _ lower, note_16 F5 _ _ _ upper, chord . . . . ., note_8 F4 _ _ _ lower, note_16 D6 # _ _ upper, chord . . . . ., note_16 B5 _ _ _ upper, chord . . . . ., note_16 E5 _ _ _ upper, barline . . . . ., newline . . . . ., note_8 G6 _ _ _ upper, chord . . . . ., note_8 B5 _ _ _ lower, note_8 A6 _ _ _ upper, chord . . . . ., note_8 C5 _ _ _ lower, note_8 B6 _ _ _ upper, chord . . . . ., note_8 D6 _ _ _ lower, note_8 C6 # _ _ upper, chord . . . . ., note_8 E5 _ _ _ lower, note_8 D6 # _ _ upper, chord . . . . ., note_8 F4 # _ _ lower, note_8 F6 _ _ _ upper, chord . . . . ., note_8 A5 _ _ _ lower, note_8 G6 _ _ _ upper, chord . . . . ., note_8 B4 _ _ _ lower, note_8 A6 _ _ _ upper, chord . . . . ., note_8 C4 _ _ _ lower, barline . . . . ., note_8 B6 _ _ _ upper, chord . . . . ., note_8 B4 _ _ _ lower, note_8 G6 _ _ _ upper, chord . . . . ., note_8 B5 b _ _ lower, note_8 A6 b _ _ upper, chord . . . . ., note_8 B4 _ _ _ lower, note_8 A6 _ _ _ upper, chord . . . . ., note_8 C4 _ _ _ lower, note_8 G6 b _ _ upper, chord . . . . ., note_8 B4 _ _ _ lower, note_8 G6 _ _ _ upper, chord . . . . ., note_8 B5 b _ _ lower, note_8 A6 b _ _ upper, chord . . . . ., note_8 B4 _ _ _ lower, note_8 A6 _ _ _ upper, chord . . . . ., note_8 C4 _ _ _ lower, barline . . . . ., note_8 F6 # _ _ upper, chord . . . . ., note_8 A6 _ _ _ lower, note_8 G6 _ _ _ upper, chord . . . . ., note_8 B5 b _ _ lower, note_8 A6 b _ _ upper, chord . . . . ., note_8 B4 _ _ _ lower, note_8 A6 _ _ _ upper, chord . . . . ., note_8 C4 _ _ _ lower, note_8 F6 # _ _ upper, chord . . . . ., note_8 G6 _ _ _ lower, note_8 G6 _ _ _ upper, chord . . . . ., note_8 B5 b _ _ lower, note_8 A6 b _ _ upper, chord . . . . ., note_8 B4 _ _ _ lower, note_8 A6 _ _ _ upper, chord . . . . ., note_8 C4 _ _ _ lower, barline . . . . ., newline . . . . ., timeSignature/8 . . . . ., note_16 E6 _ _ _ upper, chord . . . . ., note_16 D5 _ _ _ lower, note_16 C6 _ _ _ upper, chord . . . . ., note_16 A5 # _ _ lower, note_16 G5 # _ _ upper, chord . . . . ., note_16 F5 # _ _ lower, note_16 E5 _ _ _ upper, chord . . . . ., note_16 D5 _ _ _ lower, note_16 C6 _ _ _ upper, chord . . . . ., note_16 A5 # _ _ lower, note_16 G5 # _ _ upper, chord . . . . ., note_16 F5 # _ _ lower, note_16 E5 _ _ _ upper, chord . . . . ., note_16 D5 _ _ _ lower, note_16 C6 _ _ _ upper, chord . . . . ., note_16 A5 # _ _ lower, note_16 G5 # _ _ upper, chord . . . . ., note_16 F5 # _ _ lower, note_16 E5 _ _ _ upper, chord . . . . ., note_16 D5 _ _ _ lower, barline . . . . ., note_16 F5 _ _ _ upper, chord . . . . ., note_8 B4 _ _ _ lower, note_16 D5 b _ _ upper, note_16 A4 _ _ _ upper, chord . . . . ., note_8 B3 _ _ _ lower, note_16 D5 b _ _ upper, note_8 F5 _ _ _ upper, chord . . . . ., note_8 B4 _ _ _ lower, note_8 D5 b _ _ upper, chord . . . . ., note_8 B3 _ _ _ lower, note_8 F5 _ _ _ upper, chord . . . . ., note_8 B4 _ _ _ lower, note_8 D5 b _ _ upper, chord . . . . ., note_8 B3 _ _ _ lower, barline . . . . ., note_8 B3 _ _ _ upper, chord . . . . ., note_16 F4 _ _ _ lower, note_16 D4 _ _ _ lower, note_8 B4 _ _ _ upper, chord . . . . ., note_16 C4 _ _ _ lower, note_16 D4 _ _ _ lower, note_8 B5 _ _ _ upper, chord . . . . ., note_8 F4 _ _ _ lower, note_8 B4 _ _ _ upper, chord . . . . ., note_8 F4 _ _ _ lower, chord . . . . ., note_8 C4 _ _ _ lower, note_8 B5 _ _ _ upper, chord . . . . ., note_8 D4 _ _ _ lower, note_8 B4 _ _ _ upper, chord . . . . ., note_8 F4 _ _ _ lower, note_8 B5 _ _ _ upper, chord . . . . ., note_8 D4 _ _ _ lower, barline . . . . ., newline . . . . ., rest_16 _ _ _ _ upper, chord . . . . ., note_16 C6 # _ _ lower, chord . . . . ., note_16 B4 _ _ _ lower, note_16 E6 b _ _ upper, chord . . . . ., note_16 G5 _ _ _ upper, chord . . . . ., rest_16 _ _ _ _ lower, rest_8 _ _ _ _ upper, chord . . . . ., note_16 C6 _ _ _ lower, note_16 B4 b _ _ lower, note_16 D6 _ _ _ upper, chord . . . . ., rest_8 _ _ _ _ lower, note_16 F5 # _ _ upper, rest_16 _ _ _ _ upper, chord . . . . ., note_16 B5 _ _ _ lower, chord . . . . ., note_16 A4 _ _ _ lower, note_16 D6 b _ _ upper, chord . . . . ., note_16 F5 _ _ _ upper, chord . . . . ., rest_16 _ _ _ _ lower, rest_8 _ _ _ _ upper, chord . . . . ., note_16 A4 b _ _ lower, note_16 B5 b _ _ lower, note_16 C6 _ _ _ upper, chord . . . . ., rest_8 _ _ _ _ lower, note_16 E5 _ _ _ upper, barline . . . . ., note_8 B4 b _ _ upper, chord . . . . ., note_8 E4 b _ _ upper, chord . . . . ., note_8 D5 b _ _ lower, chord . . . . ., note_8 A4 b _ _ lower, note_16 C5 _ _ _ upper, chord . . . . ., note_16 F4 _ _ _ upper, chord . . . . ., note_16 E5 b _ _ lower, chord . . . . ., note_16 B4 b _ _ lower, note_16 C5 _ _ _ upper, chord . . . . ., note_16 F4 _ _ _ upper, chord . . . . ., note_16 E5 b _ _ lower, chord . . . . ., note_16 B4 b _ _ lower, note_16 D5 _ _ _ upper, chord . . . . ., note_16 G4 _ _ _ upper, chord . . . . ., note_16 F5 _ _ _ lower, chord . . . . ., note_16 C5 _ _ _ lower, note_16 D5 _ _ _ upper, chord . . . . ., note_16 G4 _ _ _ upper, chord . . . . ., note_16 F5 _ _ _ lower, chord . . . . ., note_16 C5 _ _ _ lower, note_16 E5 _ _ _ upper, chord . . . . ., note_16 A4 _ _ _ upper, chord . . . . ., note_16 G5 _ _ _ lower, chord . . . . ., note_16 D5 _ _ _ lower, note_16 E5 _ _ _ upper, chord . . . . ., note_16 A4 _ _ _ upper, chord . . . . ., note_16 G5 _ _ _ lower, chord . . . . ., note_16 D5 _ _ _ lower, note_16 F5 # _ _ upper, chord . . . . ., note_16 B4 _ _ _ upper, chord . . . . ., note_16 A5 _ _ _ lower, chord . . . . ., note_16 E5 _ _ _ lower, note_16 F5 # _ _ upper, chord . . . . ., note_16 B4 _ _ _ upper, chord . . . . ., note_16 A5 _ _ _ lower, chord . . . . ., note_16 E5 _ _ _ lower, barline . . . . ., note_8 A5 _ _ _ upper, chord . . . . ., note_8 F5 _ _ _ upper, chord . . . . ., note_8 C5 _ _ _ lower, chord . . . . ., note_8 G4 _ _ _ lower, note_4 D5 # _ _ upper, chord . . . . ., note_4 B4 _ _ _ upper, chord . . . . ., note_4 F4 # _ _ lower, chord . . . . ., note_4 C4 # _ _ lower, note_4 C6 _ _ _ upper, chord . . . . ., note_4 A5 b _ _ upper, chord . . . . ., note_4 E5 b _ _ lower, chord . . . . ., note_4 B4 b _ _ lower, note_4 F5 # _ _ upper, chord . . . . ., note_4 D5 _ _ _ upper, chord . . . . ., note_4 A4 _ _ _ lower, chord . . . . ., note_4 E4 _ _ _ lower, barline . . . . ., newline . . . . .]]
Finished parsing 1 staves
Result was written to /Users/christopheryamba/YambaCode/YambaMusic/simple-yamba-music-pipeline/work/merkurius-m34-45/merkurius-m34-45.musicxml
