
--- stderr ---
Processing /Users/christopheryamba/YambaCode/YambaMusic/simple-yamba-music-pipeline/work/merkurius-m22-33/merkurius-m22-33.jpg
Starting Inference.
Segnet Inference time: 2.5898227079887874; batch_size 8
Creating bounds for noteheads
Creating bounds for staff_fragments
Creating bounds for clefs_keys
Creating bounds for stems_rest
Creating bounds for bar_lines
Found 1118 staff line fragments
Found 243 noteheads
Average note head height: 12.0
Found 22 bar lines
Found 40 clefs
Found 2 possible other clefs
Found 132 staff anchors
Found 9 staffs
[32m[INFO] 2026-10-05 18:05:10,052 [RapidOCR] base.py:23: Using engine_name: onnxruntime[0m
Found 249 notes during segmentation
Found 4 connected staffs (after merging grand staffs, multiple voices):  [1, 1, 1, 1]
Dewarping staff 0
[32m[INFO] 2026-10-05 18:05:10,129 [RapidOCR] download_file.py:60: File exists and is valid: /Users/christopheryamba/YambaCode/YambaMusic/simple-yamba-music-pipeline/.venv/lib/python3.12/site-packages/rapidocr/models/PP-OCRv6_det_small.onnx[0m
[32m[INFO] 2026-10-05 18:05:10,129 [RapidOCR] main.py:63: Using /Users/christopheryamba/YambaCode/YambaMusic/simple-yamba-music-pipeline/.venv/lib/python3.12/site-packages/rapidocr/models/PP-OCRv6_det_small.onnx[0m
[32m[INFO] 2026-10-05 18:05:10,156 [RapidOCR] base.py:23: Using engine_name: onnxruntime[0m
[32m[INFO] 2026-10-05 18:05:10,157 [RapidOCR] download_file.py:60: File exists and is valid: /Users/christopheryamba/YambaCode/YambaMusic/simple-yamba-music-pipeline/.venv/lib/python3.12/site-packages/rapidocr/models/ch_ppocr_mobile_v2.0_cls_mobile.onnx[0m
[32m[INFO] 2026-10-05 18:05:10,158 [RapidOCR] main.py:63: Using /Users/christopheryamba/YambaCode/YambaMusic/simple-yamba-music-pipeline/.venv/lib/python3.12/site-packages/rapidocr/models/ch_ppocr_mobile_v2.0_cls_mobile.onnx[0m
[32m[INFO] 2026-10-05 18:05:10,180 [RapidOCR] base.py:23: Using engine_name: onnxruntime[0m
Dewarping staff 0 done
Running TrOmr inference on staff image 0
[32m[INFO] 2026-10-05 18:05:10,617 [RapidOCR] download_file.py:60: File exists and is valid: /Users/christopheryamba/YambaCode/YambaMusic/simple-yamba-music-pipeline/.venv/lib/python3.12/site-packages/rapidocr/models/PP-OCRv6_rec_small.onnx[0m
[32m[INFO] 2026-10-05 18:05:10,617 [RapidOCR] main.py:63: Using /Users/christopheryamba/YambaCode/YambaMusic/simple-yamba-music-pipeline/.venv/lib/python3.12/site-packages/rapidocr/models/PP-OCRv6_rec_small.onnx[0m
[33m[WARNING] 2026-10-05 18:05:11,662 [RapidOCR] main.py:132: The text detection result is empty[0m
Inference Time Tromr: 1.6621124170196708
Dewarping staff 1
Dewarping staff 1 done
Running TrOmr inference on staff image 1
Inference Time Tromr: 0.7789447499962989
Dewarping staff 2
Dewarping staff 2 done
Running TrOmr inference on staff image 2
Inference Time Tromr: 0.8569566249789204
Dewarping staff 3
Dewarping staff 3 done
Running TrOmr inference on staff image 3
Inference Time Tromr: 0.96432320898748
Removing tuplets from measure # 5
Removing tuplets from measure # 6
Removing tuplets from measure # 10
Removing tuplets from measure # 12
Removing tuplets from measure # 13
Found title: 
Writing XML [[clef_G2 _ _ _ _ upper, chord . . . . ., clef_G2 _ _ _ _ lower, keySignature_0 . . . . ., timeSignature/8 . . . . ., note_16 E6 _ _ _ upper, chord . . . . ., note_16 A5 _ _ _ upper, chord . . . . ., note_16 G5 _ _ _ lower, chord . . . . ., note_16 D5 _ _ _ lower, note_16 E6 _ _ _ upper, chord . . . . ., note_16 A5 _ _ _ upper, chord . . . . ., note_16 G5 _ _ _ lower, chord . . . . ., note_16 D5 _ _ _ lower, note_16 D6 _ _ _ upper, chord . . . . ., note_16 G5 _ _ _ upper, chord . . . . ., note_16 F5 _ _ _ lower, chord . . . . ., note_16 C5 _ _ _ lower, note_16 D6 _ _ _ upper, chord . . . . ., note_16 G5 _ _ _ upper, chord . . . . ., note_16 F5 _ _ _ lower, chord . . . . ., note_16 C5 _ _ _ lower, note_16 C6 _ _ _ upper, chord . . . . ., note_16 F5 _ _ _ upper, chord . . . . ., note_16 E5 b _ _ lower, chord . . . . ., note_16 B4 b _ _ lower, note_16 C6 _ _ _ upper, chord . . . . ., note_16 F5 _ _ _ upper, chord . . . . ., note_16 E5 b _ _ lower, chord . . . . ., note_16 B4 b _ _ lower, note_16 B5 b _ _ upper, chord . . . . ., note_16 E5 _ _ _ upper, chord . . . . ., note_16 B4 b _ _ lower, note_16 B5 b _ _ upper, chord . . . . ., note_16 E5 b _ _ upper, chord . . . . ., note_16 B4 b _ _ lower, note_16 B5 b _ _ upper, chord . . . . ., note_16 E5 b _ _ upper, chord . . . . ., note_16 B4 b _ _ lower, note_16 B5 b _ _ upper, chord . . . . ., note_16 E5 b _ _ upper, chord . . . . ., note_16 A4 b _ _ lower, note_8 A5 b _ _ upper, chord . . . . ., note_8 D5 b _ _ upper, chord . . . . ., note_8 A4 b _ _ lower, note_8 A5 b _ _ upper, chord . . . . ., note_8 D5 b _ _ upper, chord . . . . ., note_8 A4 b _ _ lower, barline . . . . ., note_16 C6 _ _ _ upper, chord . . . . ., rest_8 _ _ _ _ lower, note_16 E6 _ _ _ upper, rest_8 _ _ _ _ upper, chord . . . . ., note_16 B5 b _ _ lower, note_16 A4 b _ _ lower, note_16 D6 b _ _ upper, chord . . . . ., note_16 F5 _ _ _ upper, chord . . . . ., rest_16 _ _ _ _ lower, rest_16 _ _ _ _ upper, chord . . . . ., note_16 B5 _ _ _ lower, chord . . . . ., note_16 A4 _ _ _ lower, note_8 D6 _ _ _ upper, chord . . . . ., rest_8 _ _ _ _ lower, note_8 F6 # _ _ upper, chord . . . . ., rest_8 _ _ _ _ lower, chord . . . . ., note_16 C6 _ _ _ lower, note_16 B4 b _ _ lower, note_16 E6 b _ _ upper, chord . . . . ., note_16 G5 _ _ _ upper, chord . . . . ., rest_16 _ _ _ _ lower, rest_16 _ _ _ _ upper, chord . . . . ., note_16 B5 # _ _ lower, chord . . . . ., note_16 B4 _ _ _ lower, barline . . . . ., note_8 B6 b _ _ upper, chord . . . . ., note_8 D4 b _ _ lower, note_8 B5 b _ _ upper, chord . . . . ., note_8 F4 _ _ _ lower, note_8 B5 b _ _ upper, chord . . . . ., note_8 D4 b _ _ lower, note_8 B4 b _ _ upper, chord . . . . ., note_8 F4 _ _ _ lower, note_8 B5 b _ _ upper, chord . . . . ., note_8 D4 b _ _ lower, chord . . . . ., note_8 B3 b _ _ lower, note_8 B4 b _ _ upper, chord . . . . ., note_16 D4 b _ _ lower, chord . . . . ., note_8 B3 b _ _ lower, note_16 F4 b _ _ lower, note_8 B3 b _ _ upper, chord . . . . ., note_8 D4 b _ _ lower, barline . . . . ., newline . . . . ., note_8 D5 b _ _ upper, chord . . . . ., note_8 B3 _ _ _ lower, note_8 F5 _ _ _ upper, chord . . . . ., note_8 B4 _ _ _ lower, note_8 D5 b _ _ upper, chord . . . . ., note_8 B3 _ _ _ lower, note_8 F5 _ _ _ upper, chord . . . . ., note_8 B4 _ _ _ lower, note_16 D5 b _ _ upper, chord . . . . ., note_8 B3 _ _ _ lower, note_16 A4 _ _ _ upper, note_16 D5 b _ _ upper, chord . . . . ., note_8 B4 _ _ _ lower, note_16 F5 _ _ _ upper, barline . . . . ., note_16 E5 _ _ _ upper, chord . . . . ., note_16 D5 _ _ _ lower, note_16 G5 # _ _ upper, chord . . . . ., note_16 F5 # _ _ lower, note_16 C6 _ _ _ upper, chord . . . . ., note_16 A5 # _ _ lower, note_16 E5 _ _ _ upper, chord . . . . ., note_16 D5 _ _ _ lower, note_16 G5 # _ _ upper, chord . . . . ., note_16 F5 # _ _ lower, note_16 C6 _ _ _ upper, chord . . . . ., note_16 A5 # _ _ lower, note_16 E5 _ _ _ upper, chord . . . . ., note_16 D5 _ _ _ lower, note_16 G5 # _ _ upper, chord . . . . ., note_16 F5 # _ _ lower, note_16 C6 _ _ _ upper, chord . . . . ., note_16 A5 # _ _ lower, note_16 E5 _ _ _ upper, chord . . . . ., note_16 D5 _ _ _ lower, barline . . . . ., note_16 C6 _ _ _ upper, chord . . . . ., note_16 G5 # _ _ lower, note_16 D5 _ _ _ upper, chord . . . . ., note_16 C5 _ _ _ lower, note_16 F5 # _ _ upper, chord . . . . ., note_16 E5 _ _ _ lower, note_16 A5 # _ _ upper, chord . . . . ., note_16 G5 # _ _ lower, note_16 D5 _ _ _ upper, chord . . . . ., note_16 C5 _ _ _ lower, note_16 F5 # _ _ upper, chord . . . . ., note_16 E5 _ _ _ lower, note_16 A5 # _ _ upper, chord . . . . ., note_16 G5 # _ _ lower, note_16 D5 _ _ _ upper, chord . . . . ., note_16 C5 _ _ _ lower, note_16 F5 # _ _ upper, chord . . . . ., note_16 E5 _ _ _ lower, note_16 A5 # _ _ upper, chord . . . . ., note_16 G5 # _ _ lower, barline . . . . ., newline . . . . ., note_8 C6 # _ _ upper, chord . . . . ., note_16 G5 _ _ _ lower, note_16 B4 _ _ _ lower, note_8 C5 # _ _ upper, chord . . . . ., note_16 D5 # _ _ lower, note_16 B4 _ _ _ lower, note_8 C6 # _ _ upper, chord . . . . ., note_8 G4 _ _ _ lower, note_8 C5 # _ _ upper, chord . . . . ., note_8 B4 _ _ _ lower, note_8 C6 # _ _ upper, chord . . . . ., note_8 G4 _ _ _ lower, note_8 C5 # _ _ upper, chord . . . . ., note_8 B4 _ _ _ lower, barline . . . . ., note_16 B5 _ _ _ upper, chord . . . . ., note_8 C6 # _ _ lower, note_16 C6 # _ _ upper, note_16 B5 _ _ _ upper, chord . . . . ., note_8 C5 # _ _ lower, note_16 G5 _ _ _ upper, note_8 G5 _ _ _ upper, chord . . . . ., note_8 C4 # _ _ lower, note_8 G5 _ _ _ upper, chord . . . . ., note_8 C5 # _ _ lower, note_8 B5 _ _ _ upper, chord . . . . ., note_8 C4 # _ _ lower, note_8 G5 _ _ _ upper, chord . . . . ., note_8 C5 # _ _ lower, note_8 B5 _ _ _ upper, chord . . . . ., note_8 C4 # _ _ lower, barline . . . . ., note_16 C6 # _ _ upper, chord . . . . ., note_16 B4 _ _ _ upper, chord . . . . ., rest_16 _ _ _ _ lower, rest_16 _ _ _ _ upper, chord . . . . ., note_16 F5 _ _ _ lower, chord . . . . ., note_16 A4 _ _ _ lower, note_16 D6 _ _ _ upper, chord . . . . ., rest_8 _ _ _ _ lower, note_16 C5 _ _ _ upper, rest_8 _ _ _ _ upper, chord . . . . ., note_16 F5 # _ _ lower, note_16 A4 # _ _ lower, note_16 E6 b _ _ upper, chord . . . . ., note_16 D5 b _ _ upper, chord . . . . ., rest_16 _ _ _ _ lower, rest_16 _ _ _ _ upper, chord . . . . ., note_16 G5 _ _ _ lower, chord . . . . ., note_16 B4 _ _ _ lower, note_16 E6 _ _ _ upper, chord . . . . ., rest_8 _ _ _ _ lower, note_16 D5 _ _ _ upper, rest_16 _ _ _ _ upper, chord . . . . ., note_16 A5 b _ _ lower, note_16 F6 _ _ _ upper, chord . . . . ., note_16 E5 b _ _ upper, chord . . . . ., note_16 C5 _ _ _ lower, barline . . . . ., newline . . . . ., note_8 F6 # _ _ upper, chord . . . . ., note_8 C6 # _ _ upper, chord . . . . ., note_8 B5 _ _ _ lower, chord . . . . ., note_8 E5 _ _ _ lower, note_16 E6 _ _ _ upper, chord . . . . ., note_16 B5 _ _ _ upper, chord . . . . ., note_16 A5 _ _ _ lower, chord . . . . ., note_16 D5 _ _ _ lower, note_16 E6 _ _ _ upper, chord . . . . ., note_16 B5 _ _ _ upper, chord . . . . ., note_16 A5 _ _ _ lower, chord . . . . ., note_16 D5 _ _ _ lower, note_16 D6 _ _ _ upper, chord . . . . ., note_16 A5 _ _ _ upper, chord . . . . ., note_16 G5 _ _ _ lower, chord . . . . ., note_16 C5 _ _ _ lower, note_16 D6 _ _ _ upper, chord . . . . ., note_16 A5 _ _ _ upper, chord . . . . ., note_16 G5 _ _ _ lower, chord . . . . ., note_16 C5 _ _ _ lower, note_16 C6 _ _ _ upper, chord . . . . ., note_16 G5 _ _ _ upper, chord . . . . ., note_16 F5 _ _ _ lower, chord . . . . ., note_16 B4 b _ _ lower, note_16 C6 _ _ _ upper, chord . . . . ., note_16 G5 _ _ _ upper, chord . . . . ., note_16 F5 _ _ _ lower, chord . . . . ., note_16 B4 b _ _ lower, note_16 B5 b _ _ upper, chord . . . . ., note_16 F5 _ _ _ upper, chord . . . . ., note_16 E5 b _ _ lower, chord . . . . ., note_16 A4 b _ _ lower, note_16 B5 b _ _ upper, chord . . . . ., note_16 F5 _ _ _ upper, chord . . . . ., note_16 E5 b _ _ lower, chord . . . . ., note_16 A4 b _ _ lower, barline . . . . ., note_8 F5 _ _ _ upper, chord . . . . ., note_8 C5 _ _ _ upper, chord . . . . ., note_8 G5 _ _ _ lower, chord . . . . ., note_8 E5 b _ _ lower, note_4 B5 _ _ _ upper, chord . . . . ., note_4 F5 # _ _ upper, chord . . . . ., note_4 C6 # _ _ lower, chord . . . . ., note_4 A5 _ _ _ lower, note_4 D5 _ _ _ upper, chord . . . . ., note_4 A4 _ _ _ upper, chord . . . . ., note_4 E5 _ _ _ lower, chord . . . . ., note_4 C5 _ _ _ lower, note_4 A5 b _ _ upper, chord . . . . ., note_4 E5 b _ _ upper, chord . . . . ., note_4 B5 b _ _ lower, chord . . . . ., note_4 G5 b _ _ lower, barline . . . . ., rest_4. _ _ _ _ upper, chord . . . . ., note_16 F5 # _ _ lower, note_16 F5 # _ _ lower, note_16 A5 # _ _ lower, note_16 E5 _ _ _ lower, note_16 B5 _ _ _ lower, note_16 G5 # _ _ lower, rest_4 _ _ _ _ upper, chord . . . . ., note_16 F5 # _ _ lower, note_16 A5 # _ _ lower, note_16 A5 # _ _ lower, note_16 E5 _ _ _ lower, barline . . . . ., newline . . . . .]]
Finished parsing 1 staves
Result was written to /Users/christopheryamba/YambaCode/YambaMusic/simple-yamba-music-pipeline/work/merkurius-m22-33/merkurius-m22-33.musicxml
